🦥 Unsloth: Will patch your computer to enable 2x faster free finetuning.
🦥 Unsloth Zoo will now patch everything to make training faster!
==((====))==  Unsloth 2026.9.11: Fast Qwen3_MoE patching. Transformers: 5.5.0.
   \\   /|    NVIDIA A100-PCIE-40GB. Num GPUs = 1. Max memory: 39.493 GB. Platform: Linux.
O^O/ \_/ \    Torch: 2.10.0+cu128. CUDA: 8.0. CUDA Toolkit: 12.8. Triton: 3.6.0
\        /    Bfloat16 = TRUE. FA [Xformers = 0.0.35. FA2 = True]
 "-____-"     Free license: http://github.com/unslothai/unsloth
Unsloth: Fast downloading is enabled - ignore downloading bars which are red colored!

Loading weights:   0%|          | 0/531 [00:00<?, ?it/s]
Loading weights:   0%|          | 1/531 [00:00<01:11,  7.40it/s]
Loading weights:   0%|          | 2/531 [00:00<01:12,  7.33it/s]
Loading weights:   1%|          | 4/531 [00:00<00:54,  9.65it/s]
Loading weights:   1%|          | 5/531 [00:00<01:15,  6.94it/s]
Loading weights:   3%|▎         | 15/531 [00:00<00:19, 26.94it/s]
Loading weights:   4%|▎         | 19/531 [00:01<00:22, 22.82it/s]
Loading weights:   5%|▍         | 26/531 [00:01<00:16, 30.72it/s]
Loading weights:   6%|▌         | 30/531 [00:01<00:19, 25.44it/s]
Loading weights:   7%|▋         | 37/531 [00:01<00:15, 32.66it/s]
Loading weights:   8%|▊         | 41/531 [00:01<00:17, 27.25it/s]
Loading weights:   9%|▉         | 48/531 [00:01<00:14, 33.99it/s]
Loading weights:  10%|▉         | 52/531 [00:02<00:17, 28.04it/s]
Loading weights:  11%|█         | 59/531 [00:02<00:13, 34.61it/s]
Loading weights:  12%|█▏        | 64/531 [00:02<00:15, 30.14it/s]
Loading weights:  13%|█▎        | 70/531 [00:02<00:13, 34.43it/s]
Loading weights:  14%|█▍        | 74/531 [00:02<00:16, 28.38it/s]
Loading weights:  15%|█▌        | 81/531 [00:02<00:12, 34.85it/s]
Loading weights:  16%|█▌        | 86/531 [00:03<00:15, 29.41it/s]
Loading weights:  17%|█▋        | 92/531 [00:03<00:12, 34.01it/s]
Loading weights:  18%|█▊        | 96/531 [00:03<00:15, 28.52it/s]
Loading weights:  19%|█▉        | 103/531 [00:03<00:12, 35.20it/s]
Loading weights:  20%|██        | 108/531 [00:03<00:13, 30.74it/s]
Loading weights:  21%|██▏       | 114/531 [00:03<00:12, 33.30it/s]
Loading weights:  22%|██▏       | 118/531 [00:04<00:14, 28.13it/s]
Loading weights:  24%|██▎       | 125/531 [00:04<00:11, 34.87it/s]
Loading weights:  24%|██▍       | 129/531 [00:04<00:13, 28.98it/s]
Loading weights:  26%|██▌       | 136/531 [00:04<00:11, 35.59it/s]
Loading weights:  27%|██▋       | 141/531 [00:04<00:12, 31.00it/s]
Loading weights:  28%|██▊       | 147/531 [00:04<00:11, 33.78it/s]
Loading weights:  28%|██▊       | 151/531 [00:05<00:13, 28.38it/s]
Loading weights:  30%|██▉       | 158/531 [00:05<00:10, 35.09it/s]
Loading weights:  31%|███       | 163/531 [00:05<00:11, 30.74it/s]
Loading weights:  32%|███▏      | 169/531 [00:05<00:10, 35.25it/s]
Loading weights:  33%|███▎      | 173/531 [00:05<00:12, 28.02it/s]
Loading weights:  34%|███▍      | 180/531 [00:06<00:10, 34.73it/s]
Loading weights:  35%|███▍      | 185/531 [00:06<00:11, 30.58it/s]
Loading weights:  36%|███▌      | 191/531 [00:06<00:09, 35.11it/s]
Loading weights:  37%|███▋      | 196/531 [00:06<00:10, 30.73it/s]
Loading weights:  38%|███▊      | 202/531 [00:06<00:09, 34.28it/s]
Loading weights:  39%|███▉      | 206/531 [00:06<00:11, 28.67it/s]
Loading weights:  40%|████      | 213/531 [00:07<00:08, 35.41it/s]
Loading weights:  41%|████      | 218/531 [00:07<00:10, 30.93it/s]
Loading weights:  42%|████▏     | 224/531 [00:07<00:08, 35.42it/s]
Loading weights:  43%|████▎     | 229/531 [00:07<00:10, 30.00it/s]
Loading weights:  44%|████▍     | 235/531 [00:07<00:08, 34.62it/s]
Loading weights:  45%|████▌     | 239/531 [00:07<00:10, 28.84it/s]
Loading weights:  46%|████▋     | 246/531 [00:08<00:08, 35.40it/s]
Loading weights:  47%|████▋     | 251/531 [00:08<00:09, 30.54it/s]
Loading weights:  48%|████▊     | 257/531 [00:08<00:07, 35.06it/s]
Loading weights:  49%|████▉     | 261/531 [00:08<00:09, 29.07it/s]
Loading weights:  50%|█████     | 268/531 [00:08<00:07, 34.19it/s]
Loading weights:  51%|█████     | 272/531 [00:08<00:09, 26.65it/s]
Loading weights:  53%|█████▎    | 279/531 [00:09<00:07, 31.92it/s]
Loading weights:  53%|█████▎    | 283/531 [00:09<00:09, 25.66it/s]
Loading weights:  55%|█████▍    | 290/531 [00:09<00:07, 31.09it/s]
Loading weights:  55%|█████▌    | 294/531 [00:09<00:09, 25.24it/s]
Loading weights:  57%|█████▋    | 301/531 [00:09<00:07, 30.71it/s]
Loading weights:  57%|█████▋    | 305/531 [00:10<00:09, 25.08it/s]
Loading weights:  59%|█████▉    | 312/531 [00:10<00:07, 30.41it/s]
Loading weights:  60%|█████▉    | 316/531 [00:10<00:08, 24.75it/s]
Loading weights:  61%|██████    | 323/531 [00:10<00:06, 30.22it/s]
Loading weights:  62%|██████▏   | 327/531 [00:11<00:08, 24.73it/s]
Loading weights:  63%|██████▎   | 334/531 [00:11<00:06, 29.49it/s]
Loading weights:  64%|██████▎   | 338/531 [00:11<00:07, 24.41it/s]
Loading weights:  65%|██████▍   | 345/531 [00:11<00:06, 29.91it/s]
Loading weights:  66%|██████▌   | 349/531 [00:11<00:07, 24.27it/s]
Loading weights:  67%|██████▋   | 356/531 [00:11<00:05, 29.80it/s]
Loading weights:  68%|██████▊   | 360/531 [00:12<00:06, 24.62it/s]
Loading weights:  69%|██████▉   | 367/531 [00:12<00:05, 30.10it/s]
Loading weights:  70%|██████▉   | 371/531 [00:12<00:06, 24.40it/s]
Loading weights:  71%|███████   | 378/531 [00:12<00:05, 29.90it/s]
Loading weights:  72%|███████▏  | 382/531 [00:13<00:06, 24.14it/s]
Loading weights:  73%|███████▎  | 389/531 [00:13<00:04, 29.65it/s]
Loading weights:  74%|███████▍  | 393/531 [00:13<00:05, 23.92it/s]
Loading weights:  75%|███████▌  | 400/531 [00:13<00:04, 29.44it/s]
Loading weights:  76%|███████▌  | 404/531 [00:13<00:05, 24.40it/s]
Loading weights:  77%|███████▋  | 411/531 [00:14<00:04, 29.91it/s]
Loading weights:  78%|███████▊  | 415/531 [00:14<00:04, 24.05it/s]
Loading weights:  79%|███████▉  | 422/531 [00:14<00:03, 29.48it/s]
Loading weights:  80%|████████  | 426/531 [00:14<00:04, 24.36it/s]
Loading weights:  82%|████████▏ | 433/531 [00:14<00:03, 29.76it/s]
Loading weights:  82%|████████▏ | 437/531 [00:15<00:03, 23.86it/s]
Loading weights:  84%|████████▎ | 444/531 [00:15<00:02, 29.37it/s]
Loading weights:  84%|████████▍ | 448/531 [00:15<00:03, 24.31it/s]
Loading weights:  86%|████████▌ | 455/531 [00:15<00:02, 28.91it/s]
Loading weights:  86%|████████▋ | 459/531 [00:15<00:02, 24.10it/s]
Loading weights:  88%|████████▊ | 466/531 [00:16<00:02, 29.62it/s]
Loading weights:  89%|████████▊ | 470/531 [00:16<00:02, 24.48it/s]
Loading weights:  90%|████████▉ | 477/531 [00:16<00:01, 29.24it/s]
Loading weights:  91%|█████████ | 481/531 [00:16<00:02, 24.28it/s]
Loading weights:  92%|█████████▏| 488/531 [00:16<00:01, 29.77it/s]
Loading weights:  93%|█████████▎| 492/531 [00:17<00:01, 23.95it/s]
Loading weights:  94%|█████████▍| 499/531 [00:17<00:01, 29.54it/s]
Loading weights:  95%|█████████▍| 503/531 [00:17<00:01, 24.51it/s]
Loading weights:  96%|█████████▌| 510/531 [00:17<00:00, 30.01it/s]
Loading weights:  97%|█████████▋| 514/531 [00:18<00:00, 24.21it/s]
Loading weights:  98%|█████████▊| 521/531 [00:18<00:00, 29.78it/s]
Loading weights:  99%|█████████▉| 525/531 [00:18<00:00, 24.64it/s]
Loading weights: 100%|██████████| 531/531 [00:18<00:00, 28.84it/s]
Both `max_new_tokens` (=1024) and `max_length`(=262144) seem to have been set. `max_new_tokens` will take precedence. Please refer to the documentation for more information. (https://huggingface.co/docs/transformers/main/en/main_classes/text_generation)
/venv/main/lib/python3.12/site-packages/unsloth/import_fixes.py:4091: UserWarning: 'has_cuda' is deprecated, please use 'torch.backends.cuda.is_built()'
  return original(name)
/venv/main/lib/python3.12/site-packages/unsloth/import_fixes.py:4091: UserWarning: 'has_cudnn' is deprecated, please use 'torch.backends.cudnn.is_available()'
  return original(name)
/venv/main/lib/python3.12/site-packages/unsloth/import_fixes.py:4091: UserWarning: 'has_mps' is deprecated, please use 'torch.backends.mps.is_built()'
  return original(name)
/venv/main/lib/python3.12/site-packages/unsloth/import_fixes.py:4091: UserWarning: 'has_mkldnn' is deprecated, please use 'torch.backends.mkldnn.is_available()'
  return original(name)
{"phase": "paraphrase_or_notes", "ids": ["H0013", "H0014", "H0015", "H0016", "H0017", "H0018", "H0019", "H0020", "H0021", "H0022", "H0023", "H0024", "H0025", "H0026", "H0027", "H0028"], "seconds": 277.60626554489136, "output_tokens": 15872, "gpu_peak_gib": 18.5321683883667}
Both `max_new_tokens` (=512) and `max_length`(=262144) seem to have been set. `max_new_tokens` will take precedence. Please refer to the documentation for more information. (https://huggingface.co/docs/transformers/main/en/main_classes/text_generation)
{"phase": "fresh_notes_regeneration", "ids": ["H0014", "H0015", "H0017", "H0018", "H0020", "H0021", "H0023", "H0024", "H0026", "H0027"], "seconds": 140.65703701972961, "output_tokens": 5120, "gpu_peak_gib": 18.69154405593872}
Both `max_new_tokens` (=768) and `max_length`(=262144) seem to have been set. `max_new_tokens` will take precedence. Please refer to the documentation for more information. (https://huggingface.co/docs/transformers/main/en/main_classes/text_generation)
{"phase": "human_claims_in_ai", "ids": ["H0013", "H0014", "H0015", "H0016", "H0017", "H0018", "H0019", "H0020", "H0021", "H0022", "H0023", "H0024", "H0025", "H0026", "H0027", "H0028"], "seconds": 204.20407009124756, "output_tokens": 12288, "gpu_peak_gib": 20.164206504821777}
Both `max_new_tokens` (=768) and `max_length`(=262144) seem to have been set. `max_new_tokens` will take precedence. Please refer to the documentation for more information. (https://huggingface.co/docs/transformers/main/en/main_classes/text_generation)
{"phase": "ai_claims_in_human", "ids": ["H0013", "H0014", "H0015", "H0016", "H0017", "H0018", "H0019", "H0020", "H0021", "H0022", "H0023", "H0024", "H0025", "H0026", "H0027", "H0028"], "seconds": 7.094886302947998, "output_tokens": 400, "gpu_peak_gib": 20.164206504821777}
{"completed_this_run": 16, "run_total": 16, "elapsed_seconds": 629.7500896453857}
{"processed": 28, "accepted": 21, "split_accepted": {"train": 21, "dev": 0, "test": 0}, "elapsed_seconds_this_run": 629.7530121803284, "requests": 102}
